// Jest Snapshot v1, https://goo.gl/fbAQLP

exports[`adapter.clickAtElementCenter throws a valid error when an element cannot be found 1`] = `"Found no element for selector \\"#dullahan\\" with filter [visible=true, onscreen=true] after 200ms"`;
