// Jest Snapshot v1, https://goo.gl/fbAQLP

exports[`adapter.getElementStyles throws a valid error when an element cannot be found 1`] = `"Found no element for selector \\"#dullahan\\" after 200ms"`;
