// Jest Snapshot v1, https://goo.gl/fbAQLP

exports[`adapter.getElementProperties throws a valid error when an element cannot be found 1`] = `"Found no element for selector \\"#dullahan\\" after 500ms"`;
