// Jest Snapshot v1, https://goo.gl/fbAQLP

exports[`adapter.waitForElementVisible throws a valid error when the timeout has been reached 1`] = `"Found no element for selector \\"#dullahan\\" with filter [visible=true, onscreen=true]"`;
