// Jest Snapshot v1, https://goo.gl/fbAQLP

exports[`api.constructor does not do anything yet 1`] = `"foo"`;
